C51 COMPILER V9.60.0.0   MAIN                                                              04/17/2021 12:05:10 PAGE 1   


C51 COMPILER V9.60.0.0, COMPILATION OF MODULE MAIN
OBJECT MODULE PLACED IN .\Objects\main.obj
COMPILER INVOKED BY: C:\Keil\C51\BIN\C51.EXE main.c LARGE OMF2 OPTIMIZE(9,SPEED) BROWSE MODP2 DEBUG PRINT(.\Listings\mai
                    -n.lst) OBJECT(.\Objects\main.obj)

line level    source

   1          #include "stc12c5a.h"
   2          
   3          #include <absacc.h>
   4          #include <intrins.h>
   5          #include <string.h>
   6          
   7          #include "lcdDriver.h"
   8          
   9          #define MCU_STC12
  10          
  11          typedef unsigned char uchar;
  12          typedef unsigned int uint;
  13                  
  14          void main() {
  15   1              #ifdef MCU_STC12
  16   1              P3M1 &= ~(1<<2),
  17   1              P3M0 |=  (1<<2);        //P3.2 set as push-pull output mode
  18   1              #endif
  19   1              LCD_init();
  20   1              bl=1;
  21   1              while(1) {
  22   2                      displaySingleColour(RED);//红色
  23   2                      delay_ms(500);
  24   2                      displaySingleColour(GREEN);//绿色        
  25   2                      delay_ms(500);
  26   2                      displaySingleColour(BLUE);//蓝色
  27   2                      delay_ms(500);        
  28   2                      displaySingleColour(WHITE);//白色
  29   2                      delay_ms(500);        
  30   2          }
  31   1      }


MODULE INFORMATION:   STATIC OVERLAYABLE
   CODE SIZE        =     69    ----
   CONSTANT SIZE    =   ----    ----
   XDATA SIZE       =   ----    ----
   PDATA SIZE       =   ----    ----
   DATA SIZE        =   ----    ----
   IDATA SIZE       =   ----    ----
   BIT SIZE         =   ----    ----
   EDATA SIZE       =   ----    ----
   HDATA SIZE       =   ----    ----
   XDATA CONST SIZE =   ----    ----
   FAR CONST SIZE   =   ----    ----
END OF MODULE INFORMATION.


C51 COMPILATION COMPLETE.  0 WARNING(S),  0 ERROR(S)
